]0;~/Documents/Boone[?1034hCarters-MacBook-Pro:Boone carter$ [KCarters-MacBook-Pro:Boone carter$ echo "# Boone" >> README.md
]0;~/Documents/BooneCarters-MacBook-Pro:Boone carter$ git init
Initialized empty Git repository in /Users/carter/Documents/Boone/.git/
]0;~/Documents/BooneCarters-MacBook-Pro:Boone carter$ git add README.md
]0;~/Documents/BooneCarters-MacBook-Pro:Boone carter$ git commit -m "first commit"
[master (root-commit) 415d569] first commit
 1 file changed, 1 insertion(+)
 create mode 100644 README.md
]0;~/Documents/BooneCarters-MacBook-Pro:Boone carter$ git remote add origin https://github.com/c arter-allen/Boone.git
]0;~/Documents/BooneCarters-MacBook-Pro:Boone carter$ git push -u origin master
Counting objects: 3, done.
Writing objects:  33% (1/3)   Writing objects:  66% (2/3)   Writing objects: 100% (3/3)   Writing objects: 100% (3/3), 218 bytes | 218.00 KiB/s, done.
Total 3 (delta 0), reused 0 (delta 0)
To https://github.com/carter-allen/Boone.git
 * [new branch]      master -> master
Branch 'master' set up to track remote branch 'master' from 'origin'.
]0;~/Documents/BooneCarters-MacBook-Pro:Boone carter$ git status
On branch master
Your branch is up to date with 'origin/master'.

Untracked files:
  (use "git add <file>..." to include in what will be committed)

	[31m.Rproj.user/[m
	[31mBoone.Rproj[m
	[31mboone_growth_records.Rmd[m
	[31mboone_growth_records.csv[m
	[31mboone_growth_records.html[m
	[31mboone_growth_records.xlsx[m
	[31mplot_height.R[m

nothing added to commit but untracked files present (use "git add" to track)
]0;~/Documents/BooneCarters-MacBook-Pro:Boone carter$ git add -A
